// Jest Snapshot v1, https://goo.gl/fbAQLP

exports[`should render Treemap correctly 1`] = `
Object {
  "asFragment": [Function],
  "baseElement": <body>
    <div>
      <div>
        <h3>
          Result
        </h3>
        <div
          class="sc-dlfnuX kyvnYs"
        >
          <div
            class="sc-bdfBQB btCSxC"
            name="A"
            rows="3"
            value="-0.02"
          >
            <div
              class="sc-gsTEea gpYexz"
            >
              <div>
                A
              </div>
              <div>
                -2
                %
              </div>
            </div>
          </div>
          <div
            class="sc-bdfBQB hpiiYy"
            name="B"
            rows="3"
            value="0.05"
          >
            <div
              class="sc-gsTEea gpYexz"
            >
              <div>
                B
              </div>
              <div>
                5
                %
              </div>
            </div>
          </div>
          <div
            class="sc-bdfBQB VaA-Db"
            name="C"
            rows="3"
            value="0.015"
          >
            <div
              class="sc-gsTEea gpYexz"
            >
              <div>
                C
              </div>
              <div>
                1.5
                %
              </div>
            </div>
          </div>
          <div
            class="sc-bdfBQB gWUdXL"
            name="D"
            rows="3"
            value="-0.01"
          >
            <div
              class="sc-gsTEea gpYexz"
            >
              <div>
                D
              </div>
              <div>
                -1
                %
              </div>
            </div>
          </div>
          <div
            class="sc-bdfBQB hpiiYy"
            name="E"
            rows="3"
            value="0.01"
          >
            <div
              class="sc-gsTEea gpYexz"
            >
              <div>
                E
              </div>
              <div>
                1
                %
              </div>
            </div>
          </div>
        </div>
      </div>
    </div>
  </body>,
  "container": <div>
    <div>
      <h3>
        Result
      </h3>
      <div
        class="sc-dlfnuX kyvnYs"
      >
        <div
          class="sc-bdfBQB btCSxC"
          name="A"
          rows="3"
          value="-0.02"
        >
          <div
            class="sc-gsTEea gpYexz"
          >
            <div>
              A
            </div>
            <div>
              -2
              %
            </div>
          </div>
        </div>
        <div
          class="sc-bdfBQB hpiiYy"
          name="B"
          rows="3"
          value="0.05"
        >
          <div
            class="sc-gsTEea gpYexz"
          >
            <div>
              B
            </div>
            <div>
              5
              %
            </div>
          </div>
        </div>
        <div
          class="sc-bdfBQB VaA-Db"
          name="C"
          rows="3"
          value="0.015"
        >
          <div
            class="sc-gsTEea gpYexz"
          >
            <div>
              C
            </div>
            <div>
              1.5
              %
            </div>
          </div>
        </div>
        <div
          class="sc-bdfBQB gWUdXL"
          name="D"
          rows="3"
          value="-0.01"
        >
          <div
            class="sc-gsTEea gpYexz"
          >
            <div>
              D
            </div>
            <div>
              -1
              %
            </div>
          </div>
        </div>
        <div
          class="sc-bdfBQB hpiiYy"
          name="E"
          rows="3"
          value="0.01"
        >
          <div
            class="sc-gsTEea gpYexz"
          >
            <div>
              E
            </div>
            <div>
              1
              %
            </div>
          </div>
        </div>
      </div>
    </div>
  </div>,
  "debug": [Function],
  "findAllByAltText": [Function],
  "findAllByDisplayValue": [Function],
  "findAllByLabelText": [Function],
  "findAllByPlaceholderText": [Function],
  "findAllByRole": [Function],
  "findAllByTestId": [Function],
  "findAllByText": [Function],
  "findAllByTitle": [Function],
  "findByAltText": [Function],
  "findByDisplayValue": [Function],
  "findByLabelText": [Function],
  "findByPlaceholderText": [Function],
  "findByRole": [Function],
  "findByTestId": [Function],
  "findByText": [Function],
  "findByTitle": [Function],
  "getAllByAltText": [Function],
  "getAllByDisplayValue": [Function],
  "getAllByLabelText": [Function],
  "getAllByPlaceholderText": [Function],
  "getAllByRole": [Function],
  "getAllByTestId": [Function],
  "getAllByText": [Function],
  "getAllByTitle": [Function],
  "getByAltText": [Function],
  "getByDisplayValue": [Function],
  "getByLabelText": [Function],
  "getByPlaceholderText": [Function],
  "getByRole": [Function],
  "getByTestId": [Function],
  "getByText": [Function],
  "getByTitle": [Function],
  "queryAllByAltText": [Function],
  "queryAllByDisplayValue": [Function],
  "queryAllByLabelText": [Function],
  "queryAllByPlaceholderText": [Function],
  "queryAllByRole": [Function],
  "queryAllByTestId": [Function],
  "queryAllByText": [Function],
  "queryAllByTitle": [Function],
  "queryByAltText": [Function],
  "queryByDisplayValue": [Function],
  "queryByLabelText": [Function],
  "queryByPlaceholderText": [Function],
  "queryByRole": [Function],
  "queryByTestId": [Function],
  "queryByText": [Function],
  "queryByTitle": [Function],
  "rerender": [Function],
  "unmount": [Function],
}
`;
